
Allocating common symbols
Common symbol       size              file

PORTNUM             0x2               ..\obj\main.o
LngY                0x4               ..\obj\main.o
TecPerRas           0x4               ..\obj\main.o
Y_menu2             0x2               ..\obj\main.o
ReadBuf             0x3e8             ..\obj\stm32f10x_RS485Master.o
SaveInt             0x2               ..\obj\main.o
WriteEEP            0x1               ..\obj\main.o
TicVol              0x1               ..\obj\main.o
ProgReset           0x1               ..\obj\main.o
B_video             0x1               ..\obj\main.o
Second              0x1               ..\obj\main.o
chSumUART           0x1               ..\obj\stm32f10x_RS485.o
pGD_ConstMechanic   0x4               ..\obj\main.o
pGD_ConstMechanic_Mech
                    0x4               ..\obj\main.o
nSensAreaNow        0x1               ..\obj\main.o
IntX                0x2               ..\obj\main.o
pSostRS485          0x4               ..\obj\stm32f10x_RS485.o
nSensor             0x1               ..\obj\main.o
fLightPause         0x2               ..\obj\main.o
ToLowTime           0x1               ..\obj\main.o
GLF                 0x4               ..\obj\stm32f10x_RS485Master.o
EthBlock            0x4               ..\obj\main.o
nPortD              0x1               ..\obj\main.o
CalPort             0x1               ..\obj\main.o
settingsVosx        0x2               ..\obj\main.o
Int1Count           0x2               ..\obj\main.o
Sockets             0x64              ..\obj\stm32f10x_RS485.o
PastPerRas          0x4               ..\obj\main.o
settingsArray       0x20              ..\obj\main.o
NowDayOfWeek        0x1               ..\obj\main.o
nTimer              0x1               ..\obj\main.o
pGD_Strategy_Tepl   0x4               ..\obj\main.o
MACAddr             0x4               ..\obj\main.o
pGD_Hot_Tepl_Kontur
                    0x4               ..\obj\main.o
bNight              0x1               ..\obj\main.o
StatusByte          0x2               ..\obj\stm32f10x_RS485Master.o
pGD_Hot_Tepl        0x4               ..\obj\main.o
FalseIZ             0x1               ..\obj\main.o
RSTime              0x4               ..\obj\stm32f10x_RS485.o
DestSize            0x4               ..\obj\main.o
pNumBlock           0x4               ..\obj\stm32f10x_RS485.o
pBuf                0x4               ..\obj\main.o
nInput              0x1               ..\obj\main.o
MesINT1             0x4               ..\obj\main.o
nNextProgs          0x1               ..\obj\main.o
KeyDelay            0x1               ..\obj\main.o
ipaddr              0x4               ..\obj\main.o
EthSost             0x4               ..\obj\main.o
GLDir               0x1               ..\obj\stm32f10x_RS485Master.o
Sec                 0x1               ..\obj\main.o
ByteZ               0x2               ..\obj\main.o
bOutIPCBlock        0x1               ..\obj\stm32f10x_RS485Master.o
numB                0x1               ..\obj\main.o
crc1                0x1               ..\obj\main.o
eCS                 0x4               ..\obj\main.o
RegLEV              0x1               ..\obj\main.o
cModule             0x1               ..\obj\stm32f10x_RS485Master.o
B_input             0x1               ..\obj\main.o
MaximVal            0x4               ..\obj\main.o
GlobData            0x2               ..\obj\main.o
pDataRSOUT          0x4               ..\obj\stm32f10x_RS485Master.o
BlkW                0x1               ..\obj\main.o
Int2Count           0x2               ..\obj\main.o
fLightOn            0x1               ..\obj\main.o
PHASE_RS_OUT        0x1               ..\obj\stm32f10x_RS485Master.o
IntCount            0x2               ..\obj\main.o
MinimVal            0x4               ..\obj\main.o
MaskRas             0x1               ..\obj\main.o
IntZ                0x2               ..\obj\main.o
crc                 0x1               ..\obj\main.o
GD                  0x8d39            ..\obj\main.o
TecChan             0x1               ..\obj\main.o
GLCond              0x4               ..\obj\stm32f10x_RS485Master.o
NMinPCOut           0x2               ..\obj\main.o
plen                0x4               ..\obj\main.o
Savebuf             0x4               ..\obj\main.o
RSOutTime           0x4               ..\obj\stm32f10x_RS485Master.o
nSensTeplNow        0x1               ..\obj\main.o
nTypeSens           0x1               ..\obj\main.o
nSensTeplSave       0x1               ..\obj\main.o
pGD_Strategy_Kontur
                    0x4               ..\obj\main.o
nReset              0x1               ..\obj\main.o
settingsZax         0x2               ..\obj\main.o
AdrEEP              0x2               ..\obj\main.o
ModulData           0x410a            ..\obj\stm32f10x_RS485Master.o
NDat                0x1               ..\obj\main.o
pGD_TControl_Tepl_Kontur
                    0x4               ..\obj\main.o
ReadyIZ             0x1               ..\obj\main.o
[...]
Memory Configuration

Name             Origin             Length             Attributes
rom              0x08000000         0x00040000         xr
ram              0x20000000         0x00010000         xrw
*default*        0x00000000         0xffffffff

Linker script and memory map

                0x20010000                _eram = 0x20010000

.text           0x08000000    0x121ac
 *(.isr_vector)
 .isr_vector    0x08000000      0x154 ..\obj\startup_stm32f10x_cl.o
                0x08000000                g_pfnVectors
 *(.text*)
 .text.RTC_ITConfig
                0x08000154       0x28 ..\obj\stm32f10x_rtc.o
                0x08000154                RTC_ITConfig
 .text.RTC_EnterConfigMode
                0x0800017c       0x14 ..\obj\stm32f10x_rtc.o
                0x0800017c                RTC_EnterConfigMode
 .text.RTC_ExitConfigMode
                0x08000190       0x1c ..\obj\stm32f10x_rtc.o
                0x08000190                RTC_ExitConfigMode
 .text.RTC_GetCounter
                0x080001ac       0x14 ..\obj\stm32f10x_rtc.o
                0x080001ac                RTC_GetCounter
 .text.RTC_SetCounter
                0x080001c0       0x20 ..\obj\stm32f10x_rtc.o
                0x080001c0                RTC_SetCounter
 .text.RTC_SetPrescaler
                0x080001e0       0x20 ..\obj\stm32f10x_rtc.o
                0x080001e0                RTC_SetPrescaler
 .text.RTC_WaitForLastTask
                0x08000200       0x14 ..\obj\stm32f10x_rtc.o
                0x08000200                RTC_WaitForLastTask
 .text.RTC_WaitForSynchro
                0x08000214       0x2c ..\obj\stm32f10x_rtc.o
                0x08000214                RTC_WaitForSynchro
 .text.RTC_GetITStatus
                0x08000240       0x28 ..\obj\stm32f10x_rtc.o
                0x08000240                RTC_GetITStatus
 .text.RTC_ClearITPendingBit
                0x08000268       0x14 ..\obj\stm32f10x_rtc.o
                0x08000268                RTC_ClearITPendingBit
 .text.isDST    0x0800027c       0x38 ..\obj\stm32f10x__clock.o
 .text.counter_to_struct
                0x080002b4      0x100 ..\obj\stm32f10x__clock.o
 .text.ReadDateTime
                0x080003b4       0x8c ..\obj\stm32f10x__clock.o
                0x080003b4                ReadDateTime
 .text.WriteDateTime
                0x08000440      0x110 ..\obj\stm32f10x__clock.o
                0x08000440                WriteDateTime
 .text.SystemInit
                0x08000550      0x174 ..\obj\system_stm32f10x.o
                0x08000550                SystemInit
 .text.PWR_BackupAccessCmd
                0x080006c4        0xc ..\obj\stm32f10x_pwr.o
                0x080006c4                PWR_BackupAccessCmd
 .text.GPIO_Init
                0x080006d0       0xc0 ..\obj\stm32f10x_gpio.o
                0x080006d0                GPIO_Init
 .text.GPIO_StructInit
                0x08000790       0x14 ..\obj\stm32f10x_gpio.o
                0x08000790                GPIO_StructInit
 .text.GPIO_ReadInputData
                0x080007a4        0x8 ..\obj\stm32f10x_gpio.o
                0x080007a4                GPIO_ReadInputData
 .text.GPIO_ReadOutputData
                0x080007ac        0x8 ..\obj\stm32f10x_gpio.o
                0x080007ac                GPIO_ReadOutputData
 .text.GPIO_WriteBit
                0x080007b4        0xc ..\obj\stm32f10x_gpio.o
                0x080007b4                GPIO_WriteBit
 .text.GPIO_Write
                0x080007c0        0x4 ..\obj\stm32f10x_gpio.o
                0x080007c0                GPIO_Write
 .text.GPIO_PinRemapConfig
                0x080007c4       0x88 ..\obj\stm32f10x_gpio.o
                0x080007c4                GPIO_PinRemapConfig
 .text.GPIO_EXTILineConfig
                0x0800084c       0x40 ..\obj\stm32f10x_gpio.o
                0x0800084c                GPIO_EXTILineConfig
 .text.Delay    0x0800088c       0x1c ..\obj\main.o
                0x0800088c                Delay
 .text.Init_MEAS_INPUT
                0x080008a8       0xb8 ..\obj\main.o
                0x080008a8                Init_MEAS_INPUT
 .text.InitBlockEEP
                0x08000960       0xbc ..\obj\main.o
                0x08000960                InitBlockEEP
 .text.ButtonReset
                0x08000a1c      0x100 ..\obj\main.o
                0x08000a1c                ButtonReset
 .text.MemClr   0x08000b1c       0x18 ..\obj\main.o
                0x08000b1c                MemClr
 .text.CalcRAMSum
                0x08000b34       0x48 ..\obj\main.o
                0x08000b34                CalcRAMSum
 .text.getTempSensor
                0x08000b7c       0x64 ..\obj\main.o
                0x08000b7c                getTempSensor
 .text.getTempVent
                0x08000be0      0x148 ..\obj\main.o
                0x08000be0                getTempVent
 .text.getTempHeat
                0x08000d28      0x150 ..\obj\main.o
                0x08000d28                getTempHeat
 .text.getTempVentAlarm
                0x08000e78       0x68 ..\obj\main.o
                0x08000e78                getTempVentAlarm
 .text.getTempHeatAlarm
                0x08000ee0       0x68 ..\obj\main.o
                0x08000ee0                getTempHeatAlarm
 .text.airHeatGetHeatPause
                0x08000f48       0x10 ..\obj\main.o
                0x08000f48                airHeatGetHeatPause
 .text.airHeatSetHeatPause
                0x08000f58       0x28 ..\obj\main.o
                0x08000f58                airHeatSetHeatPause
 .text.airHeatGetTimeWork
                0x08000f80       0x10 ..\obj\main.o
                0x08000f80                airHeatGetTimeWork
 .text.airHeatSetTimeWork
                0x08000f90       0x2c ..\obj\main.o
                0x08000f90                airHeatSetTimeWork
 .text.airHeatOn
                0x08000fbc       0x30 ..\obj\main.o
                0x08000fbc                airHeatOn
 .text.airHeatOff
                0x08000fec       0x48 ..\obj\main.o
                0x08000fec                airHeatOff
 .text.airHeatInit
                0x08001034       0x38 ..\obj\main.o
                0x08001034                airHeatInit
 .text.airHeatTimers
                0x0800106c       0xa0 ..\obj\main.o
                0x0800106c                airHeatTimers
 .text.airHeat  0x0800110c       0xdc ..\obj\main.o
                0x0800110c                airHeat
 .text.SameSign
                0x080011e8       0x20 ..\obj\main.o
                0x080011e8                SameSign
 .text.SetPointersOnTepl
                0x08001208       0xd4 ..\obj\main.o
                0x08001208                SetPointersOnTepl
 .text.SetDiskrSens
                0x080012dc       0x70 ..\obj\main.o
                0x080012dc                SetDiskrSens
 .text.InitGD   0x0800134c      0x474 ..\obj\main.o
                0x0800134c                InitGD
 .text.SetPointersOnKontur
                0x080017c0       0xa4 ..\obj\main.o
                0x080017c0                SetPointersOnKontur
 .text.MidlWindAndSr
                0x08001864       0xd0 ..\obj\main.o
                0x08001864                MidlWindAndSr
 .text.CheckMidlSr
                0x08001934       0x68 ..\obj\main.o
                0x08001934                CheckMidlSr
 .text.ogrMin   0x0800199c        0xc ..\obj\main.o
                0x0800199c                ogrMin
 .text.ogrMax   0x080019a8        0xc ..\obj\main.o
                0x080019a8                ogrMax
 .text.CheckSeparate
                0x080019b4       0x80 ..\obj\main.o
                0x080019b4                CheckSeparate
 .text.CheckMain
                0x08001a34       0x3c ..\obj\main.o
                0x08001a34                CheckMain
 .text.CorrectionRule
                0x08001a70       0x54 ..\obj\main.o
                0x08001a70                CorrectionRule
 .text.WindDirect
                0x08001ac4      0x128 ..\obj\main.o
                0x08001ac4                WindDirect
 .text.SetRelay
                0x08001bec       0x4c ..\obj\main.o
                0x08001bec                SetRelay
 .text.ClrRelay
                0x08001c38       0x48 ..\obj\main.o
                0x08001c38                ClrRelay
 .text.TestRelay
                0x08001c80       0x4c ..\obj\main.o
                0x08001c80                TestRelay
 .text.__SetBitOutReg
                0x08001ccc       0x8c ..\obj\main.o
                0x08001ccc                __SetBitOutReg
 .text.SetValue
                0x08001d58       0x38 ..\obj\main.o
                0x08001d58                SetValue
 .text.w_txt    0x08001d90       0x6c ..\obj\main.o
                0x08001d90                w_txt
 .text.w_int    0x08001dfc      0x848 ..\obj\main.o
                0x08001dfc                w_int
 .text.CheckModeScreen
                0x08002644      0x37c ..\obj\main.o
                0x08002644                CheckModeScreen
 .text.InitScreen
                0x080029c0       0x68 ..\obj\main.o
                0x080029c0                InitScreen
 .text.SetPosScreen
                0x08002a28      0x1f4 ..\obj\main.o
                0x08002a28                SetPosScreen
 .text.LaunchVent
                0x08002c1c      0x160 ..\obj\main.o
                0x08002c1c                LaunchVent
 .text.LaunchCalorifer
                0x08002d7c      0x118 ..\obj\main.o
                0x08002d7c                LaunchCalorifer
 .text.SetReg   0x08002e94      0x288 ..\obj\main.o
                0x08002e94                SetReg
 .text.RegWorkDiskr
                0x0800311c      0x19c ..\obj\main.o
                0x0800311c                RegWorkDiskr
 .text.DefRH    0x080032b8       0x30 ..\obj\main.o
                0x080032b8                DefRH
 .text.SetNoWorkKontur
                0x080032e8       0x28 ..\obj\main.o
                0x080032e8                SetNoWorkKontur
 .text.__sMinMaxWater
                0x08003310      0x210 ..\obj\main.o
                0x08003310                __sMinMaxWater
 .text.__sMinMaxWindows
                0x08003520      0x5cc ..\obj\main.o
                0x08003520                __sMinMaxWindows
 .text.__sInitKontur
                0x08003aec      0x290 ..\obj\main.o
                0x08003aec                __sInitKontur
 .text.__sRegulKontur
                0x08003d7c      0x150 ..\obj\main.o
                0x08003d7c                __sRegulKontur
 .text.__sPotentialPosibilityKontur
                0x08003ecc      0x10c ..\obj\main.o
                0x08003ecc                __sPotentialPosibilityKontur
 .text.__WorkableKontur
                0x08003fd8      0x290 ..\obj\main.o
                0x08003fd8                __WorkableKontur
 .text.__sRealPosibilityKonturs
                0x08004268      0x144 ..\obj\main.o
                0x08004268                __sRealPosibilityKonturs
 .text.__sRaspKontur
                0x080043ac       0x68 ..\obj\main.o
                0x080043ac                __sRaspKontur
 .text.__sRaspOwnKontur
                0x08004414       0x60 ..\obj\main.o
                0x08004414                __sRaspOwnKontur
 .text.__TempToVent
                0x08004474       0x48 ..\obj\main.o
                0x08004474                __TempToVent
 .text.__VentToTemp
                0x080044bc       0x50 ..\obj\main.o
                0x080044bc                __VentToTemp
 .text.__sLastCheckWindow
                0x0800450c      0x2c8 ..\obj\main.o
                0x0800450c                __sLastCheckWindow
 .text.__sThisToFirst
                0x080047d4       0x28 ..\obj\main.o
                0x080047d4                __sThisToFirst
 .text.__sLastCheckKontur
                0x080047fc      0x180 ..\obj\main.o
                0x080047fc                __sLastCheckKontur
 .text.__sCalcTempKonturs
                0x0800497c       0x8c ..\obj\main.o
                0x0800497c                __sCalcTempKonturs
 .text.__sCalcKonturs
                0x08004a08      0x6f0 ..\obj\main.o
                0x08004a08                __sCalcKonturs
 .text.__sMechScreen
                0x080050f8       0x6c ..\obj\main.o
                0x080050f8                __sMechScreen
 .text.__sMechWindows
                0x08005164      0x12c ..\obj\main.o
                0x08005164                __sMechWindows
 .text.DecPumpPause
                0x08005290       0x78 ..\obj\main.o
                0x08005290                DecPumpPause
 .text.siodInit
                0x08005308       0x40 ..\obj\main.o
                0x08005308                siodInit
 .text.SetUpSiod
                0x08005348      0x278 ..\obj\main.o
                0x08005348                SetUpSiod
 .text.DoSiod   0x080055c0      0x148 ..\obj\main.o
                0x080055c0                DoSiod
 .text.controlTypeStartCorrection
                0x08005708       0x8c ..\obj\main.o
                0x08005708                controlTypeStartCorrection
 .text.JumpNext
                0x08005794       0x50 ..\obj\main.o
                0x08005794                JumpNext
 .text.TaskTimer
                0x080057e4      0x3e8 ..\obj\main.o
                0x080057e4                TaskTimer
 .text.AllTaskAndCorrection
                0x08005bcc      0x520 ..\obj\main.o
                0x08005bcc                AllTaskAndCorrection
 .text.SetIfReset
                0x080060ec       0x4c ..\obj\main.o
                0x080060ec                SetIfReset
 .text.__cNextTCalc
                0x08006138      0x8a8 ..\obj\main.o
                0x08006138                __cNextTCalc
 .text.SetMixValvePosition
                0x080069e0      0x200 ..\obj\main.o
                0x080069e0                SetMixValvePosition
 .text.DoPumps  0x08006be0       0x5c ..\obj\main.o
                0x08006be0                DoPumps
 .text.DoVentCalorifer
                0x08006c3c       0x34 ..\obj\main.o
                0x08006c3c                DoVentCalorifer
 .text.DoLights
                0x08006c70       0x28 ..\obj\main.o
                0x08006c70                DoLights
 .text.SetSensOnMech
                0x08006c98       0x74 ..\obj\main.o
                0x08006c98                SetSensOnMech
 .text.ClearAllAlarms
                0x08006d0c       0x68 ..\obj\main.o
                0x08006d0c                ClearAllAlarms
 .text.SetAlarm
                0x08006d74      0x1b8 ..\obj\main.o
                0x08006d74                SetAlarm
 .text.SetDiskr
                0x08006f2c      0x4c8 ..\obj\main.o
                0x08006f2c                SetDiskr
 .text.DoMechanics
                0x080073f4      0x590 ..\obj\main.o
                0x080073f4                DoMechanics
 .text.SetMeteo
                0x08007984      0x188 ..\obj\main.o
                0x08007984                SetMeteo
 .text.SetLighting
                0x08007b0c      0x1e8 ..\obj\main.o
                0x08007b0c                SetLighting
 .text.SetTepl  0x08007cf4      0x14c ..\obj\main.o
                0x08007cf4                SetTepl
 .text.SubConfig
                0x08007e40      0x150 ..\obj\main.o
                0x08007e40                SubConfig
 .text.Configuration
                0x08007f90       0x18 ..\obj\main.o
                0x08007f90                Configuration
 .text.saveSettings
                0x08007fa8       0x38 ..\obj\main.o
                0x08007fa8                saveSettings
 .text.loadSettings
                0x08007fe0       0x3c ..\obj\main.o
                0x08007fe0                loadSettings
 .text.pmInfoProg405
                0x0800801c      0x264 ..\obj\main.o
                0x0800801c                pmInfoProg405
 .text.pmStrategy
                0x08008280      0x170 ..\obj\main.o
                0x08008280                pmStrategy
 .text.AutoMan  0x080083f0       0x1c ..\obj\main.o
                0x080083f0                AutoMan
 .text.pmHand   0x0800840c      0x4f0 ..\obj\main.o
                0x0800840c                pmHand
 .text.pmParMechanic
                0x080088fc      0x26c ..\obj\main.o
                0x080088fc                pmParMechanic
 .text.pmNow    0x08008b68      0x5e8 ..\obj\main.o
                0x08008b68                pmNow
 .text.pmProgClimate
                0x08009150      0x248 ..\obj\main.o
                0x08009150                pmProgClimate
 .text.pmVersion
                0x08009398       0xbc ..\obj\main.o
                0x08009398                pmVersion
 .text.CheckSumMain
                0x08009454       0x74 ..\obj\main.o
                0x08009454                CheckSumMain
 .text.LCD_CTRL_DIR_OUT
                0x080094c8       0x40 ..\obj\main.o
                0x080094c8                LCD_CTRL_DIR_OUT
 .text.LCD_DATA_DIR_IN
                0x08009508       0x44 ..\obj\main.o
                0x08009508                LCD_DATA_DIR_IN
 .text.LCD_DATA_DIR_OUT
                0x0800954c       0x44 ..\obj\main.o
                0x0800954c                LCD_DATA_DIR_OUT
 .text.LCD_DATA_IN
                0x08009590       0x1c ..\obj\main.o
                0x08009590                LCD_DATA_IN
 .text.LCD_DATA_OUT
                0x080095ac       0x2c ..\obj\main.o
                0x080095ac                LCD_DATA_OUT
 .text.ReadStatus
                0x080095d8       0x60 ..\obj\main.o
                0x080095d8                ReadStatus
 .text.SendCmd  0x08009638       0x3c ..\obj\main.o
                0x08009638                SendCmd
 .text.SendByte
                0x08009674       0x3c ..\obj\main.o
                0x08009674                SendByte
 .text.Send2    0x080096b0       0x40 ..\obj\main.o
                0x080096b0                Send2
 .text.SendBlock
                0x080096f0       0x70 ..\obj\main.o
                0x080096f0                SendBlock
 .text.SendSim  0x08009760       0x70 ..\obj\main.o
                0x08009760                SendSim
 .text.IniLCDMem
                0x080097d0       0x74 ..\obj\main.o
                0x080097d0                IniLCDMem
 .text.InitLCD  0x08009844       0x90 ..\obj\main.o
                0x08009844                InitLCD
 .text.clear_d  0x080098d4       0x28 ..\obj\main.o
                0x080098d4                clear_d
 .text.TimeToBuf
                0x080098fc       0x94 ..\obj\main.o
                0x080098fc                TimeToBuf
 .text.VideoSost
                0x08009990       0x50 ..\obj\main.o
                0x08009990                VideoSost
 .text.SendFirstScreen
                0x080099e0       0x90 ..\obj\main.o
                0x080099e0                SendFirstScreen
 .text.ClearGraf
                0x08009a70       0x68 ..\obj\main.o
                0x08009a70                ClearGraf
 .text.Video    0x08009ad8       0xb0 ..\obj\main.o
                0x08009ad8                Video
 .text.InitIPCTimer
                0x08009b88       0x60 ..\obj\main.o
                0x08009b88                InitIPCTimer
 .text.InitMainTimer
                0x08009be8       0x5c ..\obj\main.o
                0x08009be8                InitMainTimer
 .text.TIM2_IRQHandler
                0x08009c44       0x14 ..\obj\main.o
                0x08009c44                TIM2_IRQHandler
 .text.InitRTC  0x08009c58       0xdc ..\obj\main.o
                0x08009c58                InitRTC
 .text.RTC_IRQHandler
                0x08009d34       0x38 ..\obj\main.o
                0x08009d34                RTC_IRQHandler
 .text.w1Init   0x08009d6c       0x30 ..\obj\main.o
                0x08009d6c                w1Init
 .text.Reg48ToI2C
                0x08009d9c       0x10 ..\obj\main.o
                0x08009d9c                Reg48ToI2C
 .text.TIM3_IRQHandler
                0x08009dac       0x18 ..\obj\main.o
                0x08009dac                TIM3_IRQHandler
 .text.SendBlockFRAM
                0x08009dc4       0x7c ..\obj\main.o
                0x08009dc4                SendBlockFRAM
 .text.ReWriteFRAM
                0x08009e40       0x84 ..\obj\main.o
                0x08009e40                ReWriteFRAM
 .text.SetInSaveRam
                0x08009ec4       0xd8 ..\obj\main.o
                0x08009ec4                SetInSaveRam
 .text.pmCalibr
                0x08009f9c      0x660 ..\obj\main.o
                0x08009f9c                pmCalibr
 .text.in_val   0x0800a5fc      0x634 ..\obj\main.o
                0x0800a5fc                in_val
 .text.KeyBoard
                0x0800ac30      0x2b0 ..\obj\main.o
                0x0800ac30                KeyBoard
 .text.RecvBlockFRAM
                0x0800aee0       0x7c ..\obj\main.o
                0x0800aee0                RecvBlockFRAM
 .text.ReadBlockFRAM
                0x0800af5c       0x30 ..\obj\main.o
                0x0800af5c                ReadBlockFRAM
 .text.TestFRAM
                0x0800af8c       0xc0 ..\obj\main.o
                0x0800af8c                TestFRAM
 .text.TestRAM  0x0800b04c       0x5c ..\obj\main.o
                0x0800b04c                TestRAM
 .text.TestRAM0
                0x0800b0a8       0x34 ..\obj\main.o
                0x0800b0a8                TestRAM0
 .text.WriteToFRAM
                0x0800b0dc       0x50 ..\obj\main.o
                0x0800b0dc                WriteToFRAM
 .text.ReadFromFRAM
                0x0800b12c       0x48 ..\obj\main.o
                0x0800b12c                ReadFromFRAM
 .text.SetRTC   0x0800b174       0x6c ..\obj\main.o
                0x0800b174                SetRTC
 .text.pmDate   0x0800b1e0      0x264 ..\obj\main.o
                0x0800b1e0                pmDate
 .text.GetRTC   0x0800b444       0x54 ..\obj\main.o
                0x0800b444                GetRTC
 .text.TestMem  0x0800b498       0x7c ..\obj\main.o
                0x0800b498                TestMem
 .text.pmReset  0x0800b514      0x1f0 ..\obj\main.o
                0x0800b514                pmReset
 .text.pmParam  0x0800b704      0xbe8 ..\obj\main.o
                0x0800b704                pmParam
 .text.YMenu    0x0800c2ec       0x80 ..\obj\main.o
                0x0800c2ec                YMenu
 .text.GMenu    0x0800c36c      0x210 ..\obj\main.o
                0x0800c36c                GMenu
 .text.Control  0x0800c57c      0x728 ..\obj\main.o
                0x0800c57c                Control
 .text.EXTI9_5_IRQHandler
                0x0800cca4       0x28 ..\obj\main.o
                0x0800cca4                EXTI9_5_IRQHandler
 .text.Init_IWDG
                0x0800cccc       0x30 ..\obj\main.o
                0x0800cccc                Init_IWDG
 .text.Check_IWDG
                0x0800ccfc       0x14 ..\obj\main.o
                0x0800ccfc                Check_IWDG
 .text.CheckDigitMidl
                0x0800cd10       0x3c ..\obj\main.o
                0x0800cd10                CheckDigitMidl
 .text.CheckSensLevsNew
                0x0800cd4c      0x2dc ..\obj\main.o
                0x0800cd4c                CheckSensLevsNew
 .text.CalibrNew
                0x0800d028      0x120 ..\obj\main.o
                0x0800d028                CalibrNew
 .text.Measure  0x0800d148      0x168 ..\obj\main.o
                0x0800d148                Measure
 .text.CheckInputConfig
                0x0800d2b0      0x118 ..\obj\main.o
                0x0800d2b0                CheckInputConfig
 .text.SPI1_Init
                0x0800d3c8       0xcc ..\obj\main.o
                0x0800d3c8                SPI1_Init
 .text.SPI1_ReadWrite
                0x0800d494       0x54 ..\obj\main.o
                0x0800d494                SPI1_ReadWrite
 .text.enc28j60ReadOp
                0x0800d4e8       0x58 ..\obj\main.o
                0x0800d4e8                enc28j60ReadOp
 .text.enc28j60WriteOp
                0x0800d540       0x40 ..\obj\main.o
                0x0800d540                enc28j60WriteOp
 .text.enc28j60ReadBuffer
                0x0800d580       0x64 ..\obj\main.o
                0x0800d580                enc28j60ReadBuffer
 .text.enc28j60WriteBuffer
                0x0800d5e4       0x4c ..\obj\main.o
                0x0800d5e4                enc28j60WriteBuffer
 .text.enc28j60SetBank
                0x0800d630       0x48 ..\obj\main.o
                0x0800d630                enc28j60SetBank
 .text.enc28j60Read
                0x0800d678       0x14 ..\obj\main.o
                0x0800d678                enc28j60Read
 .text.enc28j60Write
                0x0800d68c       0x18 ..\obj\main.o
                0x0800d68c                enc28j60Write
 .text.enc28j60PhyWrite
                0x0800d6a4       0x4c ..\obj\main.o
                0x0800d6a4                enc28j60PhyWrite
 .text.enc28j60clkout
                0x0800d6f0       0x10 ..\obj\main.o
                0x0800d6f0                enc28j60clkout
 .text.enc28j60Init
                0x0800d700      0x1c0 ..\obj\main.o
                0x0800d700                enc28j60Init
 .text.enc28j60PacketSend
                0x0800d8c0       0x88 ..\obj\main.o
                0x0800d8c0                enc28j60PacketSend
 .text.enc28j60PacketReceive
                0x0800d948       0xf4 ..\obj\main.o
                0x0800d948                enc28j60PacketReceive
 .text.checksum
                0x0800da3c       0x64 ..\obj\main.o
                0x0800da3c                checksum
 .text.init_ip_arp_udp_tcp
                0x0800daa0       0x38 ..\obj\main.o
                0x0800daa0                init_ip_arp_udp_tcp
 .text.eth_type_is_arp_and_my_ip
                0x0800dad8       0x6c ..\obj\main.o
                0x0800dad8                eth_type_is_arp_and_my_ip
 .text.eth_type_is_ip_and_my_ip
                0x0800db44       0x74 ..\obj\main.o
                0x0800db44                eth_type_is_ip_and_my_ip
 .text.make_eth
                0x0800dbb8       0x2c ..\obj\main.o
                0x0800dbb8                make_eth
 .text.fill_ip_hdr_checksum
                0x0800dbe4       0x2c ..\obj\main.o
                0x0800dbe4                fill_ip_hdr_checksum
 .text.make_ip  0x0800dc10       0x30 ..\obj\main.o
                0x0800dc10                make_ip
 .text.check_ip_scr
                0x0800dc40       0x38 ..\obj\main.o
                0x0800dc40                check_ip_scr
 .text.make_tcphead
                0x0800dc78       0xc8 ..\obj\main.o
                0x0800dc78                make_tcphead
 .text.make_arp_answer_from_request
                0x0800dd40       0x68 ..\obj\main.o
                0x0800dd40                make_arp_answer_from_request
 .text.make_echo_reply_from_request
                0x0800dda8       0x40 ..\obj\main.o
                0x0800dda8                make_echo_reply_from_request
 .text.make_tcp_synack_from_syn
                0x0800dde8       0x58 ..\obj\main.o
                0x0800dde8                make_tcp_synack_from_syn
 .text.get_tcp_data_pointer
                0x0800de40       0x28 ..\obj\main.o
                0x0800de40                get_tcp_data_pointer
 .text.init_len_info
                0x0800de68       0x2c ..\obj\main.o
                0x0800de68                init_len_info
 .text.fill_tcp_buf
                0x0800de94       0x1c ..\obj\main.o
                0x0800de94                fill_tcp_buf
 .text.make_tcp_ack_from_any
                0x0800deb0       0x78 ..\obj\main.o
                0x0800deb0                make_tcp_ack_from_any
 .text.make_tcp_ack_with_data
                0x0800df28       0x78 ..\obj\main.o
                0x0800df28                make_tcp_ack_with_data
 .text.BufCpy   0x0800dfa0       0x10 ..\obj\main.o
                0x0800dfa0                BufCpy
 .text.CheckSum
                0x0800dfb0       0x28 ..\obj\main.o
                0x0800dfb0                CheckSum
 .text.SocketUpdate
                0x0800dfd8      0x2dc ..\obj\main.o
                0x0800dfd8                SocketUpdate
 .text.simple_servercycle
                0x0800e2b4      0x238 ..\obj\main.o
                0x0800e2b4                simple_servercycle
 .text.simple_server
                0x0800e4ec       0x8c ..\obj\main.o
                0x0800e4ec                simple_server
 .text.Init_STM32
                0x0800e578      0x108 ..\obj\main.o
                0x0800e578                Init_STM32
 .text.CheckWithoutPC
                0x0800e680       0xa0 ..\obj\main.o
                0x0800e680                CheckWithoutPC
 .text.main     0x0800e720      0x310 ..\obj\main.o
                0x0800e720                main
 .text.CheckRSTime
                0x0800ea30       0x5c ..\obj\stm32f10x_RS485.o
                0x0800ea30                CheckRSTime
 .text.USART1_IRQHandler
                0x0800ea8c      0x3f4 ..\obj\stm32f10x_RS485.o
                0x0800ea8c                USART1_IRQHandler
 .text.USART_PC_Configuration
                0x0800ee80      0x124 ..\obj\stm32f10x_RS485.o
                0x0800ee80                USART_PC_Configuration
 .text.RCC_LSEConfig
                0x0800efa4       0x3c ..\obj\stm32f10x_rcc.o
                0x0800efa4                RCC_LSEConfig
 .text.RCC_LSICmd
                0x0800efe0        0xc ..\obj\stm32f10x_rcc.o
                0x0800efe0                RCC_LSICmd
 .text.RCC_RTCCLKConfig
                0x0800efec       0x10 ..\obj\stm32f10x_rcc.o
                0x0800efec                RCC_RTCCLKConfig
 .text.RCC_RTCCLKCmd
                0x0800effc        0xc ..\obj\stm32f10x_rcc.o
                0x0800effc                RCC_RTCCLKCmd
 .text.RCC_GetClocksFreq
                0x0800f008      0x124 ..\obj\stm32f10x_rcc.o
                0x0800f008                RCC_GetClocksFreq
 .text.RCC_APB2PeriphClockCmd
                0x0800f12c       0x24 ..\obj\stm32f10x_rcc.o
                0x0800f12c                RCC_APB2PeriphClockCmd
 .text.RCC_APB1PeriphClockCmd
                0x0800f150       0x24 ..\obj\stm32f10x_rcc.o
                0x0800f150                RCC_APB1PeriphClockCmd
 .text.RCC_BackupResetCmd
                0x0800f174        0xc ..\obj\stm32f10x_rcc.o
                0x0800f174                RCC_BackupResetCmd
 .text.RCC_GetFlagStatus
                0x0800f180       0x34 ..\obj\stm32f10x_rcc.o
                0x0800f180                RCC_GetFlagStatus
 .text.Default_Reset_Handler
                0x0800f1b4       0x5c ..\obj\startup_stm32f10x_cl.o
                0x0800f1b4                Default_Reset_Handler
                0x0800f1b4                Reset_Handler
 .text.Default_Handler
                0x0800f210        0x4 ..\obj\startup_stm32f10x_cl.o
                0x0800f210                EXTI2_IRQHandler
                0x0800f210                DebugMon_Handler
                0x0800f210                TIM1_CC_IRQHandler
                0x0800f210                HardFault_Handler
                0x0800f210                TIM6_IRQHandler
                0x0800f210                SysTick_Handler
                0x0800f210                PVD_IRQHandler
                0x0800f210                PendSV_Handler
                0x0800f210                NMI_Handler
                0x0800f210                CAN2_RX1_IRQHandler
                0x0800f210                EXTI3_IRQHandler
                0x0800f210                EXTI0_IRQHandler
                0x0800f210                I2C2_EV_IRQHandler
                0x0800f210                CAN1_RX0_IRQHandler
                0x0800f210                UsageFault_Handler
                0x0800f210                CAN2_SCE_IRQHandler
                0x0800f210                ADC1_2_IRQHandler
                0x0800f210                SPI1_IRQHandler
                0x0800f210                TAMPER_IRQHandler
                0x0800f210                CAN2_RX0_IRQHandler
                0x0800f210                DMA2_Channel2_IRQHandler
                0x0800f210                DMA1_Channel4_IRQHandler
                0x0800f210                USART3_IRQHandler
                0x0800f210                DMA1_Channel7_IRQHandler
                0x0800f210                CAN1_RX1_IRQHandler
                0x0800f210                UART5_IRQHandler
                0x0800f210                TIM4_IRQHandler
                0x0800f210                DMA2_Channel1_IRQHandler
                0x0800f210                I2C1_EV_IRQHandler
                0x0800f210                DMA1_Channel6_IRQHandler
                0x0800f210                DMA2_Channel4_IRQHandler
                0x0800f210                RCC_IRQHandler
                0x0800f210                TIM1_TRG_COM_IRQHandler
                0x0800f210                DMA1_Channel1_IRQHandler
                0x0800f210                EXTI15_10_IRQHandler
                0x0800f210                TIM7_IRQHandler
                0x0800f210                CAN2_TX_IRQHandler
                0x0800f210                TIM5_IRQHandler
                0x0800f210                ETH_WKUP_IRQHandler
                0x0800f210                SPI2_IRQHandler
                0x0800f210                MemManage_Handler
                0x0800f210                CAN1_TX_IRQHandler
                0x0800f210                SVC_Handler
                0x0800f210                DMA2_Channel5_IRQHandler
                0x0800f210                DMA1_Channel5_IRQHandler
                0x0800f210                EXTI4_IRQHandler
                0x0800f210                DMA1_Channel3_IRQHandler
                0x0800f210                ETH_IRQHandler
                0x0800f210                TIM1_UP_IRQHandler
                0x0800f210                WWDG_IRQHandler
                0x0800f210                OTG_FS_WKUP_IRQHandler
                0x0800f210                TIM1_BRK_IRQHandler
                0x0800f210                EXTI1_IRQHandler
                0x0800f210                RTCAlarm_IRQHandler
                0x0800f210                USART2_IRQHandler
                0x0800f210                I2C2_ER_IRQHandler
                0x0800f210                DMA1_Channel2_IRQHandler
                0x0800f210                CAN1_SCE_IRQHandler
                0x0800f210                FLASH_IRQHandler
                0x0800f210                BusFault_Handler
                0x0800f210                OTG_FS_IRQHandler
                0x0800f210                SPI3_IRQHandler
                0x0800f210                I2C1_ER_IRQHandler
                0x0800f210                DMA2_Channel3_IRQHandler
 .text.EXTI_Init
                0x0800f214       0x94 ..\obj\stm32f10x_exti.o
                0x0800f214                EXTI_Init
 .text.EXTI_GetITStatus
                0x0800f2a8       0x20 ..\obj\stm32f10x_exti.o
                0x0800f2a8                EXTI_GetITStatus
 .text.EXTI_ClearITPendingBit
                0x0800f2c8        0xc ..\obj\stm32f10x_exti.o
                0x0800f2c8                EXTI_ClearITPendingBit
 .text.USART_Init
                0x0800f2d4       0xf8 ..\obj\stm32f10x_usart.o
                0x0800f2d4                USART_Init
 .text.USART_Cmd
                0x0800f3cc       0x20 ..\obj\stm32f10x_usart.o
                0x0800f3cc                USART_Cmd
 .text.USART_ITConfig
                0x0800f3ec       0x3c ..\obj\stm32f10x_usart.o
                0x0800f3ec                USART_ITConfig
 .text.USART_SendData
                0x0800f428        0xc ..\obj\stm32f10x_usart.o
                0x0800f428                USART_SendData
 .text.USART_ReceiveData
                0x0800f434        0xc ..\obj\stm32f10x_usart.o
                0x0800f434                USART_ReceiveData
 .text.USART_GetFlagStatus
                0x0800f440        0xc ..\obj\stm32f10x_usart.o
                0x0800f440                USART_GetFlagStatus
 .text.USART_ClearITPendingBit
                0x0800f44c       0x18 ..\obj\stm32f10x_usart.o
                0x0800f44c                USART_ClearITPendingBit
 .text.ResMod   0x0800f464       0x14 ..\obj\stm32f10x_RS485Master.o
                0x0800f464                ResMod
 .text.CpyBuf   0x0800f478       0x20 ..\obj\stm32f10x_RS485Master.o
                0x0800f478                CpyBuf
 .text.USART_OUT2_Configuration
                0x0800f498       0xb4 ..\obj\stm32f10x_RS485Master.o
                0x0800f498                USART_OUT2_Configuration
 .text.USART_OUT_Configuration
                0x0800f54c       0xfc ..\obj\stm32f10x_RS485Master.o
                0x0800f54c                USART_OUT_Configuration
 .text.UART4_IRQHandler
                0x0800f648      0x404 ..\obj\stm32f10x_RS485Master.o
                0x0800f648                UART4_IRQHandler
 .text.RS485_Master_ExchangeDataIRQ
                0x0800fa4c      0x110 ..\obj\stm32f10x_RS485Master.o
                0x0800fa4c                RS485_Master_ExchangeDataIRQ
 .text.RS485_Master_WriteDataIRQ
                0x0800fb5c       0x20 ..\obj\stm32f10x_RS485Master.o
                0x0800fb5c                RS485_Master_WriteDataIRQ
 .text.RS485_Master_ReadDataIRQ
                0x0800fb7c       0x20 ..\obj\stm32f10x_RS485Master.o
                0x0800fb7c                RS485_Master_ReadDataIRQ
 .text.RS485_Out2_Transmit
                0x0800fb9c      0x114 ..\obj\stm32f10x_RS485Master.o
                0x0800fb9c                RS485_Out2_Transmit
 .text.GetIPCComMod
                0x0800fcb0       0x14 ..\obj\stm32f10x_RS485Master.o
                0x0800fcb0                GetIPCComMod
 .text.GetIPCNum
                0x0800fcc4       0x1c ..\obj\stm32f10x_RS485Master.o
                0x0800fcc4                GetIPCNum
 .text.ClrAllOutIPCDigit
                0x0800fce0       0x6c ..\obj\stm32f10x_RS485Master.o
                0x0800fce0                ClrAllOutIPCDigit
 .text.ResumeOutIPCDigit
                0x0800fd4c       0x10 ..\obj\stm32f10x_RS485Master.o
                0x0800fd4c                ResumeOutIPCDigit
 .text.SetOutIPCDigit
                0x0800fd5c       0xbc ..\obj\stm32f10x_RS485Master.o
                0x0800fd5c                SetOutIPCDigit
 .text.SetOutIPCReg
                0x0800fe18       0xa0 ..\obj\stm32f10x_RS485Master.o
                0x0800fe18                SetOutIPCReg
 .text.GetOutIPCDigit
                0x0800feb8       0x9c ..\obj\stm32f10x_RS485Master.o
                0x0800feb8                GetOutIPCDigit
 .text.GetInIPC
                0x0800ff54       0xb0 ..\obj\stm32f10x_RS485Master.o
                0x0800ff54                GetInIPC
 .text.GetDiskrIPC
                0x08010004       0xdc ..\obj\stm32f10x_RS485Master.o
                0x08010004                GetDiskrIPC
 .text.UpdateInIPC
                0x080100e0       0xe8 ..\obj\stm32f10x_RS485Master.o
                0x080100e0                UpdateInIPC
 .text.ModStatus
                0x080101c8       0x40 ..\obj\stm32f10x_RS485Master.o
                0x080101c8                ModStatus
 .text.IMOD_Exchange
                0x08010208      0x1a0 ..\obj\stm32f10x_RS485Master.o
                0x08010208                IMOD_Exchange
 .text.SendIPC  0x080103a8      0x424 ..\obj\stm32f10x_RS485Master.o
                0x080103a8                SendIPC
 .text.keyboardSetBITKL
                0x080107cc        0xc ..\obj\keyboard.o
                0x080107cc                keyboardSetBITKL
 .text.keyboardGetBITKL
                0x080107d8        0xc ..\obj\keyboard.o
                0x080107d8                keyboardGetBITKL
 .text.keyboardSetSIM
                0x080107e4        0xc ..\obj\keyboard.o
                0x080107e4                keyboardSetSIM
 .text.keyboardGetSIM
                0x080107f0        0xc ..\obj\keyboard.o
                0x080107f0                keyboardGetSIM
 .text.Keyboard_Init
                0x080107fc       0x60 ..\obj\keyboard.o
                0x080107fc                Keyboard_Init
 .text.KeyboardProcess
                0x0801085c       0xd0 ..\obj\keyboard.o
                0x0801085c                KeyboardProcess
 .text.NVIC_PriorityGroupConfig
                0x0801092c       0x14 ..\obj\misc.o
                0x0801092c                NVIC_PriorityGroupConfig
 .text.NVIC_Init
                0x08010940       0x84 ..\obj\misc.o
                0x08010940                NVIC_Init
 .text.SPI_Init
                0x080109c4       0x44 ..\obj\stm32f10x_spi.o
                0x080109c4                SPI_Init
 .text.SPI_Cmd  0x08010a08       0x20 ..\obj\stm32f10x_spi.o
                0x08010a08                SPI_Cmd
 .text.SPI_I2S_SendData
                0x08010a28        0x4 ..\obj\stm32f10x_spi.o
                0x08010a28                SPI_I2S_SendData
 .text.SPI_I2S_ReceiveData
                0x08010a2c        0x8 ..\obj\stm32f10x_spi.o
                0x08010a2c                SPI_I2S_ReceiveData
 .text.SPI_I2S_GetFlagStatus
                0x08010a34        0xc ..\obj\stm32f10x_spi.o
                0x08010a34                SPI_I2S_GetFlagStatus
 .text.i2_fm_Init
                0x08010a40       0x48 ..\obj\I2CSoft.o
                0x08010a40                i2_fm_Init
 .text.i2_Start
                0x08010a88       0x1c ..\obj\I2CSoft.o
                0x08010a88                i2_Start
 .text.i2_Stop  0x08010aa4       0x18 ..\obj\I2CSoft.o
                0x08010aa4                i2_Stop
 .text.i2_ToSDA
                0x08010abc       0x24 ..\obj\I2CSoft.o
                0x08010abc                i2_ToSDA
 .text.i2_SetASK
                0x08010ae0       0x40 ..\obj\I2CSoft.o
                0x08010ae0                i2_SetASK
 .text.i2_GetASK
                0x08010b20       0x5c ..\obj\I2CSoft.o
                0x08010b20                i2_GetASK
 .text.i2_WriteByte
                0x08010b7c       0x40 ..\obj\I2CSoft.o
                0x08010b7c                i2_WriteByte
 .text.i2_ReadByte
                0x08010bbc       0x60 ..\obj\I2CSoft.o
                0x08010bbc                i2_ReadByte
 .text.fm_Read  0x08010c1c       0xbc ..\obj\I2CSoft.o
                0x08010c1c                fm_Read
 .text.fm_Write
                0x08010cd8       0x90 ..\obj\I2CSoft.o
                0x08010cd8                fm_Write
 .text.BKP_DeInit
                0x08010d68       0x14 ..\obj\stm32f10x_bkp.o
                0x08010d68                BKP_DeInit
 .text.BKP_WriteBackupRegister
                0x08010d7c       0x20 ..\obj\stm32f10x_bkp.o
                0x08010d7c                BKP_WriteBackupRegister
 .text.BKP_ReadBackupRegister
                0x08010d9c       0x24 ..\obj\stm32f10x_bkp.o
                0x08010d9c                BKP_ReadBackupRegister
 .text.IWDG_WriteAccessCmd
                0x08010dc0        0xc ..\obj\stm32f10x_iwdg.o
                0x08010dc0                IWDG_WriteAccessCmd
 .text.IWDG_SetPrescaler
                0x08010dcc        0xc ..\obj\stm32f10x_iwdg.o
                0x08010dcc                IWDG_SetPrescaler
 .text.IWDG_SetReload
                0x08010dd8        0xc ..\obj\stm32f10x_iwdg.o
                0x08010dd8                IWDG_SetReload
 .text.IWDG_ReloadCounter
                0x08010de4       0x10 ..\obj\stm32f10x_iwdg.o
                0x08010de4                IWDG_ReloadCounter
 .text.IWDG_Enable
                0x08010df4       0x10 ..\obj\stm32f10x_iwdg.o
                0x08010df4                IWDG_Enable
 *(.init)
 *(.fini)
 *crtbegin.o(.ctors)
 *crtbegin?.o(.ctors)
 *(EXCLUDE_FILE(*crtend.o *crtend?.o) .ctors)
 *(SORT(.ctors.*))
 *(.ctors)
 *crtbegin.o(.dtors)
 *crtbegin?.o(.dtors)
 *(EXCLUDE_FILE(*crtend.o *crtend?.o) .dtors)
 *(SORT(.dtors.*))
 *(.dtors)
 *(.rodata*)
 .rodata        0x08010e04        0xc ..\obj\stm32f10x__clock.o
 .rodata        0x08010e10      0xd00 ..\obj\main.o
                0x08010e10                ExtCG
                0x08011110                FirstScreen
 .rodata.str1.4
                0x08011b10      0x69c ..\obj\main.o
 *(.eh_fram e*)

.glue_7         0x080121ac        0x0
 .glue_7        0x00000000        0x0 linker stubs

.glue_7t        0x080121ac        0x0
 .glue_7t       0x00000000        0x0 linker stubs

.vfp11_veneer   0x080121ac        0x0
 .vfp11_veneer  0x00000000        0x0 linker stubs

.v4_bx          0x080121ac        0x0
 .v4_bx         0x00000000        0x0 linker stubs

.ARM.extab
 *(.ARM.extab* .gnu.linkonce.armextab.*)
                0x080121ac                __exidx_start = .

.ARM.exidx
 *(.ARM.exidx* .gnu.linkonce.armexidx.*)
                0x080121ac                __exidx_end = .
                0x080121ac                __etext = .
                0x080121ac                _sidata = __etext

.data           0x20000000     0x192c load address 0x080121ac
                0x20000000                __data_start__ = .
                0x20000000                _sdata = __data_start__
 *(vtable)
 *(.data*)
 .data          0x20000000     0x1918 ..\obj\main.o
                0x20000000                NameConst
                0x2000016c                NameSensConfig
                0x20000960                DefStrategy
                0x20000998                InitSystems
                0x20000a38                DefControl
                0x20000a90                DefMechanic
                0x20000aa4                NameOutputConfig
                0x20001094                NameTimer
                0x20001394                Mon
                0x200013a0                not
                0x200013a1                ton
                0x200013a4                DayOfWeek
                0x200013ec                NameInputConfig
                0x200014d4                NameSystemConfig
                0x20001620                NameParUpr
                0x20001910                mymac
                0x20001914                ton_t
 .data          0x20001918       0x14 ..\obj\stm32f10x_rcc.o
                0x2000192c                . = ALIGN (0x4)
                0x2000192c                PROVIDE (__preinit_array_start, .)
 *(.preinit_array)
                0x2000192c                PROVIDE (__preinit_array_end, .)
                0x2000192c                . = ALIGN (0x4)
                0x2000192c                PROVIDE (__init_array_start, .)
 *(SORT(.init_array.*))
 *(.init_array)
                0x2000192c                PROVIDE (__init_array_end, .)
                0x2000192c                . = ALIGN (0x4)
                0x2000192c                PROVIDE (__fini_array_start, .)
 *(SORT(.fini_array.*))
 *(.fini_array)
                0x2000192c                PROVIDE (__fini_array_end, .)
 *(.jcr*)
                0x2000192c                . = ALIGN (0x4)
                0x2000192c                __data_end__ = .
                0x2000192c                _edata = __data_end__

.bss            0x2000192c     0xe29c load address 0x08013ad8
                0x2000192c                . = ALIGN (0x4)
                0x2000192c                __bss_start__ = .
                0x2000192c                _sbss = __bss_start__
 *(.bss*)
 .bss           0x2000192c      0xbcc ..\obj\main.o
                0x2000195c                MechC
                0x20001efc                Ad_Buf
                0x20001efd                AdinB
                0x20001efe                Form
                0x20001eff                SizeForm
                0x20001f00                Mark
                0x200024f5                payloadlen
                0x200024f6                fcmd_pos
                0x200024f7                ffi
 .bss           0x200024f8        0x3 ..\obj\keyboard.o
 *(COMMON)
 *fill*         0x200024fb        0x1 00
 COMMON         0x200024fc     0x910c ..\obj\main.o
                0x200024fc                PORTNUM
                0x20002500                LngY
                0x20002504                TecPerRas
                0x20002508                Y_menu2
                0x2000250a                SaveInt
                0x2000250c                WriteEEP
                0x2000250d                TicVol
                0x2000250e                ProgReset
                0x2000250f                B_video
                0x20002510                Second
                0x20002514                pGD_ConstMechanic
                0x20002518                pGD_ConstMechanic_Mech
                0x2000251c                nSensAreaNow
                0x2000251e                IntX
                0x20002520                nSensor
                0x20002522                fLightPause
                0x20002524                ToLowTime
                0x20002528                EthBlock
                0x2000252c                nPortD
                0x2000252d                CalPort
                0x2000252e                settingsVosx
                0x20002530                Int1Count
                0x20002534                PastPerRas
                0x20002538                settingsArray
                0x20002558                NowDayOfWeek
                0x20002559                nTimer
                0x2000255c                pGD_Strategy_Tepl
                0x20002560                MACAddr
                0x20002564                pGD_Hot_Tepl_Kontur
                0x20002568                bNight
                0x2000256c                pGD_Hot_Tepl
                0x20002570                FalseIZ
                0x20002574                DestSize
                0x20002578                pBuf
                0x2000257c                nInput
                0x20002580                MesINT1
                0x20002584                nNextProgs
                0x20002585                KeyDelay
                0x20002588                ipaddr
                0x2000258c                EthSost
                0x20002590                Sec
                0x20002592                ByteZ
                0x20002594                numB
                0x20002595                crc1
                0x20002598                eCS
                0x2000259c                RegLEV
                0x2000259d                B_input
                0x200025a0                MaximVal
                0x200025a4                GlobData
                0x200025a6                BlkW
                0x200025a8                Int2Count
                0x200025aa                fLightOn
                0x200025ac                IntCount
                0x200025b0                MinimVal
                0x200025b4                MaskRas
                0x200025b6                IntZ
                0x200025b8                crc
                0x200025bc                GD
                0x2000b2f5                TecChan
                0x2000b2f6                NMinPCOut
                0x2000b2f8                plen
                0x2000b2fc                Savebuf
                0x2000b300                nSensTeplNow
                0x2000b301                nTypeSens
                0x2000b302                nSensTeplSave
                0x2000b304                pGD_Strategy_Kontur
                0x2000b308                nReset
                0x2000b30a                settingsZax
                0x2000b30c                AdrEEP
                0x2000b30e                NDat
                0x2000b310                pGD_TControl_Tepl_Kontur
                0x2000b314                ReadyIZ
                0x2000b318                BlockEEP
                0x2000b360                ValSize
                0x2000b362                ByteW
                0x2000b364                pGD_Hot_Hand
                0x2000b368                x_menu
                0x2000b36c                pADRGD
                0x2000b370                teplTmes
                0x2000b3d0                nBlEEP
                0x2000b3d2                ByteY
                0x2000b3d4                pGD_TControl_Tepl
                0x2000b3d8                SendByte1W
                0x2000b3dc                Rezerv1
                0x2000b3e0                CopyVal
                0x2000b3e4                EndInput
                0x2000b3e8                dat_p
                0x2000b3ec                ByteX
                0x2000b3f0                AdrRAM
                0x2000b3f4                StartY_menu2
                0x2000b3f8                pGD_Level_Tepl
                0x2000b3fc                NowCurRow
                0x2000b3fd                NumBlock
                0x2000b3fe                DemoMode
                0x2000b400                Rezerv2
                0x2000b404                vNFCtr
                0x2000b405                size
                0x2000b406                SizeEEP
                0x2000b408                Volume
                0x2000b40c                LngX
                0x2000b410                IntY
                0x2000b412                GrafView
                0x2000b413                nSensTepl
                0x2000b414                fcmd
                0x2000b415                bSec
                0x2000b416                cmdval
                0x2000b418                pGD_Hot_Hand_Kontur
                0x2000b41c                IPAddr
                0x2000b420                buf
                0x2000b51a                nPortSave
                0x2000b51b                nSensArea
                0x2000b51c                MesINT0
                0x2000b51e                nTimer1
                0x2000b51f                nPort
                0x2000b520                pGD_Timer
                0x2000b524                Rezerv3
                0x2000b528                DestAdr
                0x2000b52c                StartMenuY
                0x2000b52d                NewCurRow
                0x2000b530                fstr
                0x2000b54e                NumIzm
                0x2000b550                MBusy
                0x2000b554                TimeReset
                0x2000b558                bWaterReset
                0x2000b568                AdrGD
                0x2000b5c2                nNextSensor
                0x2000b5c4                SaveSample
                0x2000b5c8                nProgs
                0x2000b5c9                ToHiTime
                0x2000b5cc                Buf1W
                0x2000b5d8                pGD_MechConfig_Kontur
                0x2000b5dc                IWDG_Reset
                0x2000b5e0                Int3Count
                0x2000b5e2                SaveChar
                0x2000b5e4                PORTNUMBER
                0x2000b5e8                SumYMenu
                0x2000b5ea                SaveInt2
                0x2000b5ec                Menu
                0x2000b5ee                Y_menu
                0x2000b5f0                AdrVal
                0x2000b5f4                OutR
                0x2000b5ff                nInputD
                0x2000b600                pGD_MechConfig
                0x2000b604                pGD_Control_Tepl
 COMMON         0x2000b608       0x93 ..\obj\stm32f10x_RS485.o
                0x2000b608                chSumUART
                0x2000b60c                pSostRS485
                0x2000b610                Sockets
                0x2000b674                RSTime
                0x2000b678                pNumBlock
                0x2000b67c                ptrUART
                0x2000b680                fSendByte
                0x2000b684                pNFCtr
                0x2000b688                Head
                0x2000b694                pDataRS
                0x2000b698                fAdrSend
                0x2000b69a                PHASE_RS
 *fill*         0x2000b69b        0x1 00
 COMMON         0x2000b69c     0x452b ..\obj\stm32f10x_RS485Master.o
                0x2000b69c                ReadBuf
                0x2000ba84                GLF
                0x2000ba88                StatusByte
                0x2000ba8a                GLDir
                0x2000ba8b                bOutIPCBlock
                0x2000ba8c                cModule
                0x2000ba90                pDataRSOUT
                0x2000ba94                PHASE_RS_OUT
                0x2000ba98                GLCond
                0x2000ba9c                RSOutTime
                0x2000baa0                ModulData
                0x2000fbaa                GLCtr
                0x2000fbac                ncFan
                0x2000fbae                GLSize
                0x2000fbb0                HeadOUT
                0x2000fbbc                ptrUARTOUT
                0x2000fbc0                GLData
                0x2000fbc4                cOperInModule
                0x2000fbc5                cCycle
                0x2000fbc6                chSumUARTOUT
                0x2000fbc8                . = ALIGN (0x4)
 *fill*         0x2000fbc7        0x1 00
                0x2000fbc8                __bss_end__ = .
                0x2000fbc8                _ebss = __bss_end__

.heap           0x2000fbc8        0x0
                0x2000fbc8                __end__ = .
                0x2000fbc8                _end = __end__
                0x2000fbc8                end = __end__
 *(.heap*)
                0x2000fbc8                __HeapLimit = .

.co_stack       0x2000fbc8      0x400 load address 0x08021d74
                0x2000fbc8                . = ALIGN (0x8)
 *(.co_stack .co_stack.*)
 .co_stack      0x2000fbc8      0x400 ..\obj\startup_stm32f10x_cl.o
                0x2000fbc8                pulStack
                0x20010000                __StackTop = (ORIGIN (ram) + 0x10000)
                0x2000fc00                __StackLimit = (__StackTop - SIZEOF (.co_stack))
                0x20010000                PROVIDE (__stack, __StackTop)
                0x00000001                ASSERT ((__StackLimit >= __HeapLimit), region ram  overflowed with stack)
LOAD ..\obj\stm32f10x_rtc.o
LOAD ..\obj\stm32f10x__clock.o
LOAD ..\obj\stm32f10x_tim.o
LOAD ..\obj\core_cm3.o
LOAD ..\obj\system_stm32f10x.o
LOAD ..\obj\stm32f10x_pwr.o
LOAD ..\obj\stm32f10x_gpio.o
LOAD ..\obj\main.o
LOAD ..\obj\stm32f10x_RS485.o
LOAD ..\obj\stm32f10x_rcc.o
LOAD ..\obj\startup_stm32f10x_cl.o
LOAD ..\obj\stm32f10x_exti.o
LOAD ..\obj\stm32f10x_usart.o
LOAD ..\obj\stm32f10x_RS485Master.o
LOAD ..\obj\65_airHeats.o
LOAD ..\obj\keyboard.o
LOAD ..\obj\stm32f10x_dma.o
LOAD ..\obj\misc.o
LOAD ..\obj\stm32f10x_spi.o
LOAD ..\obj\I2CSoft.o
LOAD ..\obj\stm32f10x_i2c.o
LOAD ..\obj\stm32f10x_bkp.o
LOAD ..\obj\stm32f10x_iwdg.o
START GROUP
LOAD c:/program files (x86)/gnu tools arm embedded/4.6 2012q4/bin/../lib/gcc/arm-none-eabi/4.6.2/armv7-m\libgcc.a
LOAD c:/program files (x86)/gnu tools arm embedded/4.6 2012q4/bin/../lib/gcc/arm-none-eabi/4.6.2/../../../../arm-none-eabi/lib/armv7-m\libg.a
LOAD c:/program files (x86)/gnu tools arm embedded/4.6 2012q4/bin/../lib/gcc/arm-none-eabi/4.6.2/../../../../arm-none-eabi/lib/armv7-m\libc.a
END GROUP
OUTPUT(Climat510.elf elf32-littlearm)

.debug_info     0x00000000    0x12323
 .debug_info    0x00000000      0x46a ..\obj\stm32f10x_rtc.o
 .debug_info    0x0000046a      0x412 ..\obj\stm32f10x__clock.o
 .debug_info    0x0000087c     0x1e32 ..\obj\stm32f10x_tim.o
 .debug_info    0x000026ae      0x54b ..\obj\core_cm3.o
 .debug_info    0x00002bf9      0x528 ..\obj\system_stm32f10x.o
 .debug_info    0x00003121      0x472 ..\obj\stm32f10x_pwr.o
 .debug_info    0x00003593      0x719 ..\obj\stm32f10x_gpio.o
 .debug_info    0x00003cac     0x7de9 ..\obj\main.o
 .debug_info    0x0000ba95      0x8dc ..\obj\stm32f10x_RS485.o
 .debug_info    0x0000c371      0xb1e ..\obj\stm32f10x_rcc.o
 .debug_info    0x0000ce8f      0x12e ..\obj\startup_stm32f10x_cl.o
 .debug_info    0x0000cfbd      0x35d ..\obj\stm32f10x_exti.o
 .debug_info    0x0000d31a      0xa54 ..\obj\stm32f10x_usart.o
 .debug_info    0x0000dd6e     0x13c4 ..\obj\stm32f10x_RS485Master.o
 .debug_info    0x0000f132      0x3e2 ..\obj\keyboard.o
 .debug_info    0x0000f514      0x495 ..\obj\stm32f10x_dma.o
 .debug_info    0x0000f9a9      0x548 ..\obj\misc.o
 .debug_info    0x0000fef1      0xa2a ..\obj\stm32f10x_spi.o
 .debug_info    0x0001091b      0x433 ..\obj\I2CSoft.o
 .debug_info    0x00010d4e      0xb6c ..\obj\stm32f10x_i2c.o
 .debug_info    0x000118ba      0x870 ..\obj\stm32f10x_bkp.o
 .debug_info    0x0001212a      0x1f9 ..\obj\stm32f10x_iwdg.o

.debug_abbrev   0x00000000     0x2743
 .debug_abbrev  0x00000000      0x18c ..\obj\stm32f10x_rtc.o
 .debug_abbrev  0x0000018c      0x206 ..\obj\stm32f10x__clock.o
 .debug_abbrev  0x00000392      0x23a ..\obj\stm32f10x_tim.o
 .debug_abbrev  0x000005cc       0xb4 ..\obj\core_cm3.o
 .debug_abbrev  0x00000680      0x1a6 ..\obj\system_stm32f10x.o
 .debug_abbrev  0x00000826      0x19e ..\obj\stm32f10x_pwr.o
 .debug_abbrev  0x000009c4      0x1d9 ..\obj\stm32f10x_gpio.o
 .debug_abbrev  0x00000b9d      0x56e ..\obj\main.o
 .debug_abbrev  0x0000110b      0x1ad ..\obj\stm32f10x_RS485.o
 .debug_abbrev  0x000012b8      0x1d0 ..\obj\stm32f10x_rcc.o
 .debug_abbrev  0x00001488       0xb0 ..\obj\startup_stm32f10x_cl.o
 .debug_abbrev  0x00001538      0x170 ..\obj\stm32f10x_exti.o
 .debug_abbrev  0x000016a8      0x1b8 ..\obj\stm32f10x_usart.o
 .debug_abbrev  0x00001860      0x2ff ..\obj\stm32f10x_RS485Master.o
 .debug_abbrev  0x00001b5f        0x1 ..\obj\65_airHeats.o
 .debug_abbrev  0x00001b60      0x191 ..\obj\keyboard.o
 .debug_abbrev  0x00001cf1      0x174 ..\obj\stm32f10x_dma.o
 .debug_abbrev  0x00001e65      0x15b ..\obj\misc.o
 .debug_abbrev  0x00001fc0      0x1b0 ..\obj\stm32f10x_spi.o
 .debug_abbrev  0x00002170      0x1ba ..\obj\I2CSoft.o
 .debug_abbrev  0x0000232a      0x194 ..\obj\stm32f10x_i2c.o
 .debug_abbrev  0x000024be      0x17c ..\obj\stm32f10x_bkp.o
 .debug_abbrev  0x0000263a      0x109 ..\obj\stm32f10x_iwdg.o

.debug_loc      0x00000000     0xa505
 .debug_loc     0x00000000      0x1ee ..\obj\stm32f10x_rtc.o
 .debug_loc     0x000001ee      0x3bd ..\obj\stm32f10x__clock.o
 .debug_loc     0x000005ab     0x1598 ..\obj\stm32f10x_tim.o
 .debug_loc     0x00001b43      0x2ae ..\obj\core_cm3.o
 .debug_loc     0x00001df1      0x265 ..\obj\system_stm32f10x.o
 .debug_loc     0x00002056       0xe6 ..\obj\stm32f10x_pwr.o
 .debug_loc     0x0000213c      0x444 ..\obj\stm32f10x_gpio.o
 .debug_loc     0x00002580     0x5023 ..\obj\main.o
 .debug_loc     0x000075a3      0x19c ..\obj\stm32f10x_RS485.o
 .debug_loc     0x0000773f      0x7b5 ..\obj\stm32f10x_rcc.o
 .debug_loc     0x00007ef4       0x33 ..\obj\startup_stm32f10x_cl.o
 .debug_loc     0x00007f27      0x174 ..\obj\stm32f10x_exti.o
 .debug_loc     0x0000809b      0x66b ..\obj\stm32f10x_usart.o
 .debug_loc     0x00008706      0xb77 ..\obj\stm32f10x_RS485Master.o
 .debug_loc     0x0000927d       0x92 ..\obj\keyboard.o
 .debug_loc     0x0000930f      0x142 ..\obj\stm32f10x_dma.o
 .debug_loc     0x00009451      0x143 ..\obj\misc.o
 .debug_loc     0x00009594      0x511 ..\obj\stm32f10x_spi.o
 .debug_loc     0x00009aa5      0x2b9 ..\obj\I2CSoft.o
 .debug_loc     0x00009d5e      0x646 ..\obj\stm32f10x_i2c.o
 .debug_loc     0x0000a3a4      0x124 ..\obj\stm32f10x_bkp.o
 .debug_loc     0x0000a4c8       0x3d ..\obj\stm32f10x_iwdg.o

.debug_aranges  0x00000000     0x1490
 .debug_aranges
                0x00000000       0x88 ..\obj\stm32f10x_rtc.o
 .debug_aranges
                0x00000088       0x38 ..\obj\stm32f10x__clock.o
 .debug_aranges
                0x000000c0      0x2e0 ..\obj\stm32f10x_tim.o
 .debug_aranges
                0x000003a0       0xc8 ..\obj\core_cm3.o
 .debug_aranges
                0x00000468       0x28 ..\obj\system_stm32f10x.o
 .debug_aranges
                0x00000490       0x60 ..\obj\stm32f10x_pwr.o
 .debug_aranges
                0x000004f0       0xa8 ..\obj\stm32f10x_gpio.o
 .debug_aranges
                0x00000598      0x708 ..\obj\main.o
 .debug_aranges
                0x00000ca0       0x30 ..\obj\stm32f10x_RS485.o
 .debug_aranges
                0x00000cd0      0x160 ..\obj\stm32f10x_rcc.o
 .debug_aranges
                0x00000e30       0x28 ..\obj\startup_stm32f10x_cl.o
 .debug_aranges
                0x00000e58       0x58 ..\obj\stm32f10x_exti.o
 .debug_aranges
                0x00000eb0      0x100 ..\obj\stm32f10x_usart.o
 .debug_aranges
                0x00000fb0       0xd0 ..\obj\stm32f10x_RS485Master.o
 .debug_aranges
                0x00001080       0x48 ..\obj\keyboard.o
 .debug_aranges
                0x000010c8       0x70 ..\obj\stm32f10x_dma.o
 .debug_aranges
                0x00001138       0x40 ..\obj\misc.o
 .debug_aranges
                0x00001178       0xd0 ..\obj\stm32f10x_spi.o
 .debug_aranges
                0x00001248       0x68 ..\obj\I2CSoft.o
 .debug_aranges
                0x000012b0      0x120 ..\obj\stm32f10x_i2c.o
 .debug_aranges
                0x000013d0       0x78 ..\obj\stm32f10x_bkp.o
 .debug_aranges
                0x00001448       0x48 ..\obj\stm32f10x_iwdg.o

.debug_ranges   0x00000000     0x1360
 .debug_ranges  0x00000000       0x78 ..\obj\stm32f10x_rtc.o
 .debug_ranges  0x00000078       0x28 ..\obj\stm32f10x__clock.o
 .debug_ranges  0x000000a0      0x2d0 ..\obj\stm32f10x_tim.o
 .debug_ranges  0x00000370       0xb8 ..\obj\core_cm3.o
 .debug_ranges  0x00000428       0x18 ..\obj\system_stm32f10x.o
 .debug_ranges  0x00000440       0x50 ..\obj\stm32f10x_pwr.o
 .debug_ranges  0x00000490       0x98 ..\obj\stm32f10x_gpio.o
 .debug_ranges  0x00000528      0x728 ..\obj\main.o
 .debug_ranges  0x00000c50       0x20 ..\obj\stm32f10x_RS485.o
 .debug_ranges  0x00000c70      0x150 ..\obj\stm32f10x_rcc.o
 .debug_ranges  0x00000dc0       0x18 ..\obj\startup_stm32f10x_cl.o
 .debug_ranges  0x00000dd8       0x48 ..\obj\stm32f10x_exti.o
 .debug_ranges  0x00000e20       0xf0 ..\obj\stm32f10x_usart.o
 .debug_ranges  0x00000f10       0xc0 ..\obj\stm32f10x_RS485Master.o
 .debug_ranges  0x00000fd0       0x38 ..\obj\keyboard.o
 .debug_ranges  0x00001008       0x60 ..\obj\stm32f10x_dma.o
 .debug_ranges  0x00001068       0x30 ..\obj\misc.o
 .debug_ranges  0x00001098       0xc0 ..\obj\stm32f10x_spi.o
 .debug_ranges  0x00001158       0x58 ..\obj\I2CSoft.o
 .debug_ranges  0x000011b0      0x110 ..\obj\stm32f10x_i2c.o
 .debug_ranges  0x000012c0       0x68 ..\obj\stm32f10x_bkp.o
 .debug_ranges  0x00001328       0x38 ..\obj\stm32f10x_iwdg.o

.debug_line     0x00000000     0x75b4
 .debug_line    0x00000000      0x26c ..\obj\stm32f10x_rtc.o
 .debug_line    0x0000026c      0x262 ..\obj\stm32f10x__clock.o
 .debug_line    0x000004ce      0x9b9 ..\obj\stm32f10x_tim.o
 .debug_line    0x00000e87      0x26b ..\obj\core_cm3.o
 .debug_line    0x000010f2      0x1ce ..\obj\system_stm32f10x.o
 .debug_line    0x000012c0      0x20f ..\obj\stm32f10x_pwr.o
 .debug_line    0x000014cf      0x33f ..\obj\stm32f10x_gpio.o
 .debug_line    0x0000180e     0x3303 ..\obj\main.o
 .debug_line    0x00004b11      0x28e ..\obj\stm32f10x_RS485.o
 .debug_line    0x00004d9f      0x4ea ..\obj\stm32f10x_rcc.o
 .debug_line    0x00005289       0x8f ..\obj\startup_stm32f10x_cl.o
 .debug_line    0x00005318      0x23d ..\obj\stm32f10x_exti.o
 .debug_line    0x00005555      0x421 ..\obj\stm32f10x_usart.o
 .debug_line    0x00005976      0x683 ..\obj\stm32f10x_RS485Master.o
 .debug_line    0x00005ff9        0x0 ..\obj\65_airHeats.o
 .debug_line    0x00005ff9      0x274 ..\obj\keyboard.o
 .debug_line    0x0000626d      0x28a ..\obj\stm32f10x_dma.o
 .debug_line    0x000064f7      0x1db ..\obj\misc.o
 .debug_line    0x000066d2      0x3b1 ..\obj\stm32f10x_spi.o
 .debug_line    0x00006a83      0x2f3 ..\obj\I2CSoft.o
 .debug_line    0x00006d76      0x45a ..\obj\stm32f10x_i2c.o
 .debug_line    0x000071d0      0x22d ..\obj\stm32f10x_bkp.o
 .debug_line    0x000073fd      0x1b7 ..\obj\stm32f10x_iwdg.o

.debug_str      0x00000000     0x635d
 .debug_str     0x00000000      0x2d6 ..\obj\stm32f10x_rtc.o
                                0x333 (size before relaxing)
 .debug_str     0x000002d6       0xdf ..\obj\stm32f10x__clock.o
                                0x1f6 (size before relaxing)
 .debug_str     0x000003b5      0xb77 ..\obj\stm32f10x_tim.o
                                0xd6e (size before relaxing)
 .debug_str     0x00000f2c      0x15a ..\obj\core_cm3.o
                                0x25d (size before relaxing)
 .debug_str     0x00001086      0x19f ..\obj\system_stm32f10x.o
                                0x2b1 (size before relaxing)
 .debug_str     0x00001225      0x11e ..\obj\stm32f10x_pwr.o
                                0x2a3 (size before relaxing)
 .debug_str     0x00001343      0x36e ..\obj\stm32f10x_gpio.o
                                0x4aa (size before relaxing)
 .debug_str     0x000016b1     0x2e8e ..\obj\main.o
                               0x37f9 (size before relaxing)
 .debug_str     0x0000453f      0x187 ..\obj\stm32f10x_RS485.o
                                0x8f8 (size before relaxing)
 .debug_str     0x000046c6      0x4e6 ..\obj\stm32f10x_rcc.o
                                0x6f3 (size before relaxing)
 .debug_str     0x00004bac       0xa7 ..\obj\startup_stm32f10x_cl.o
                                0x10f (size before relaxing)
 .debug_str     0x00004c53       0xfc ..\obj\stm32f10x_exti.o
                                0x2ef (size before relaxing)
 .debug_str     0x00004d4f      0x3a0 ..\obj\stm32f10x_usart.o
                                0x621 (size before relaxing)
 .debug_str     0x000050ef      0x36c ..\obj\stm32f10x_RS485Master.o
                                0xbe4 (size before relaxing)
 .debug_str     0x0000545b       0xae ..\obj\keyboard.o
                                0x398 (size before relaxing)
 .debug_str     0x00005509      0x213 ..\obj\stm32f10x_dma.o
                                0x352 (size before relaxing)
 .debug_str     0x0000571c      0x150 ..\obj\misc.o
                                0x354 (size before relaxing)
 .debug_str     0x0000586c      0x2af ..\obj\stm32f10x_spi.o
                                0x5db (size before relaxing)
 .debug_str     0x00005b1b       0x99 ..\obj\I2CSoft.o
                                0x2d6 (size before relaxing)
 .debug_str     0x00005bb4      0x3b1 ..\obj\stm32f10x_i2c.o
                                0x5f7 (size before relaxing)
 .debug_str     0x00005f65      0x321 ..\obj\stm32f10x_bkp.o
                                0x546 (size before relaxing)
 .debug_str     0x00006286       0xd7 ..\obj\stm32f10x_iwdg.o
                                0x1ed (size before relaxing)

.comment        0x00000000       0x70
 .comment       0x00000000       0x70 ..\obj\stm32f10x_rtc.o
                                 0x71 (size before relaxing)
 .comment       0x00000000       0x71 ..\obj\stm32f10x__clock.o
 .comment       0x00000000       0x71 ..\obj\stm32f10x_tim.o
 .comment       0x00000000       0x71 ..\obj\core_cm3.o
 .comment       0x00000000       0x71 ..\obj\system_stm32f10x.o
 .comment       0x00000000       0x71 ..\obj\stm32f10x_pwr.o
 .comment       0x00000000       0x71 ..\obj\stm32f10x_gpio.o
 .comment       0x00000000       0x71 ..\obj\main.o
 .comment       0x00000000       0x71 ..\obj\stm32f10x_RS485.o
 .comment       0x00000000       0x71 ..\obj\stm32f10x_rcc.o
 .comment       0x00000000       0x71 ..\obj\startup_stm32f10x_cl.o
 .comment       0x00000000       0x71 ..\obj\stm32f10x_exti.o
 .comment       0x00000000       0x71 ..\obj\stm32f10x_usart.o
 .comment       0x00000000       0x71 ..\obj\stm32f10x_RS485Master.o
 .comment       0x00000000       0x71 ..\obj\65_airHeats.o
 .comment       0x00000000       0x71 ..\obj\keyboard.o
 .comment       0x00000000       0x71 ..\obj\stm32f10x_dma.o
 .comment       0x00000000       0x71 ..\obj\misc.o
 .comment       0x00000000       0x71 ..\obj\stm32f10x_spi.o
 .comment       0x00000000       0x71 ..\obj\I2CSoft.o
 .comment       0x00000000       0x71 ..\obj\stm32f10x_i2c.o
 .comment       0x00000000       0x71 ..\obj\stm32f10x_bkp.o
 .comment       0x00000000       0x71 ..\obj\stm32f10x_iwdg.o

.ARM.attributes
                0x00000000       0x33
 .ARM.attributes
                0x00000000       0x33 ..\obj\stm32f10x_rtc.o
 .ARM.attributes
                0x00000033       0x33 ..\obj\stm32f10x__clock.o
 .ARM.attributes
                0x00000066       0x33 ..\obj\stm32f10x_tim.o
 .ARM.attributes
                0x00000099       0x33 ..\obj\core_cm3.o
 .ARM.attributes
                0x000000cc       0x33 ..\obj\system_stm32f10x.o
 .ARM.attributes
                0x000000ff       0x33 ..\obj\stm32f10x_pwr.o
 .ARM.attributes
                0x00000132       0x33 ..\obj\stm32f10x_gpio.o
 .ARM.attributes
                0x00000165       0x33 ..\obj\main.o
 .ARM.attributes
                0x00000198       0x33 ..\obj\stm32f10x_RS485.o
 .ARM.attributes
                0x000001cb       0x33 ..\obj\stm32f10x_rcc.o
 .ARM.attributes
                0x000001fe       0x33 ..\obj\startup_stm32f10x_cl.o
 .ARM.attributes
                0x00000231       0x33 ..\obj\stm32f10x_exti.o
 .ARM.attributes
                0x00000264       0x33 ..\obj\stm32f10x_usart.o
 .ARM.attributes
                0x00000297       0x33 ..\obj\stm32f10x_RS485Master.o
 .ARM.attributes
                0x000002ca       0x33 ..\obj\65_airHeats.o
 .ARM.attributes
                0x000002fd       0x33 ..\obj\keyboard.o
 .ARM.attributes
                0x00000330       0x33 ..\obj\stm32f10x_dma.o
 .ARM.attributes
                0x00000363       0x33 ..\obj\misc.o
 .ARM.attributes
                0x00000396       0x33 ..\obj\stm32f10x_spi.o
 .ARM.attributes
                0x000003c9       0x33 ..\obj\I2CSoft.o
 .ARM.attributes
                0x000003fc       0x33 ..\obj\stm32f10x_i2c.o
 .ARM.attributes
                0x0000042f       0x33 ..\obj\stm32f10x_bkp.o
 .ARM.attributes
                0x00000462       0x33 ..\obj\stm32f10x_iwdg.o

.debug_frame    0x00000000     0x3370
 .debug_frame   0x00000000      0x108 ..\obj\stm32f10x_rtc.o
 .debug_frame   0x00000108       0x7c ..\obj\stm32f10x__clock.o
 .debug_frame   0x00000184      0x650 ..\obj\stm32f10x_tim.o
 .debug_frame   0x000007d4      0x170 ..\obj\core_cm3.o
 .debug_frame   0x00000944       0x3c ..\obj\system_stm32f10x.o
 .debug_frame   0x00000980       0xa8 ..\obj\stm32f10x_pwr.o
 .debug_frame   0x00000a28      0x168 ..\obj\stm32f10x_gpio.o
 .debug_frame   0x00000b90     0x177c ..\obj\main.o
 .debug_frame   0x0000230c       0x68 ..\obj\stm32f10x_RS485.o
 .debug_frame   0x00002374      0x2b4 ..\obj\stm32f10x_rcc.o
 .debug_frame   0x00002628       0x38 ..\obj\startup_stm32f10x_cl.o
 .debug_frame   0x00002660       0x98 ..\obj\stm32f10x_exti.o
 .debug_frame   0x000026f8      0x20c ..\obj\stm32f10x_usart.o
 .debug_frame   0x00002904      0x27c ..\obj\stm32f10x_RS485Master.o
 .debug_frame   0x00002b80       0x8c ..\obj\keyboard.o
 .debug_frame   0x00002c0c       0xc8 ..\obj\stm32f10x_dma.o
 .debug_frame   0x00002cd4       0x68 ..\obj\misc.o
 .debug_frame   0x00002d3c      0x1a8 ..\obj\stm32f10x_spi.o
 .debug_frame   0x00002ee4       0xfc ..\obj\I2CSoft.o
 .debug_frame   0x00002fe0      0x240 ..\obj\stm32f10x_i2c.o
 .debug_frame   0x00003220       0xe0 ..\obj\stm32f10x_bkp.o
 .debug_frame   0x00003300       0x70 ..\obj\stm32f10x_iwdg.o
